hp@DESKTOP-IMHHNOP MINGW64 /d/CROSS_PROJECTS/MAsC/info_repo (main)
$ git branch
* main
  trail1

hp@DESKTOP-IMHHNOP MINGW64 /d/CROSS_PROJECTS/MAsC/info_repo (main)
$ git checkout trail1
Switched to branch 'trail1'

hp@DESKTOP-IMHHNOP MINGW64 /d/CROSS_PROJECTS/MAsC/info_repo (trail1)
$ git status
On branch trail1
nothing to commit, working tree clean

hp@DESKTOP-IMHHNOP MINGW64 /d/CROSS_PROJECTS/MAsC/info_repo (trail1)
$ git pull
remote: Enumerating objects: 4, done.
remote: Counting objects: 100% (4/4), done.
remote: Compressing objects: 100% (2/2), done.
remote: Total 3 (delta 0), reused 3 (delta 0), pack-reused 0
Unpacking objects: 100% (3/3), 274 bytes | 16.00 KiB/s, done.
From https://github.com/LenOben/project_1
   1d422ef..3e04850  main       -> origin/main
There is no tracking information for the current branch.
Please specify which branch you want to merge with.
See git-pull(1) for details.

    git pull <remote> <branch>

If you wish to set tracking information for this branch you can do so with:

    git branch --set-upstream-to=origin/<branch> trail1


hp@DESKTOP-IMHHNOP MINGW64 /d/CROSS_PROJECTS/MAsC/info_repo (trail1)
$ git pull trail1 main
fatal: 'trail1' does not appear to be a git repository
fatal: Could not read from remote repository.      

Please make sure you have the correct access rights
and the repository exists.

hp@DESKTOP-IMHHNOP MINGW64 /d/CROSS_PROJECTS/MAsC/info_repo (trail1)
$ git checkout main
Switched to branch 'main'
Your branch is behind 'origin/main' by 1 commit, and can be fast-forwarded.
  (use "git pull" to update your local branch)

hp@DESKTOP-IMHHNOP MINGW64 /d/CROSS_PROJECTS/MAsC/info_repo (main)
$ git pull
remote: Enumerating objects: 5, done.
remote: Counting objects: 100% (5/5), done.
remote: Compressing objects: 100% (2/2), done.
remote: Total 3 (delta 0), reused 3 (delta 0), pack-reused 0
Unpacking objects: 100% (3/3), 278 bytes | 17.00 KiB/s, done.
From https://github.com/LenOben/project_1
   3e04850..263069e  main       -> origin/main
Updating 1d422ef..263069e
Fast-forward
 trail1.txt | 3 +++
 1 file changed, 3 insertions(+)
 create mode 100644 trail1.txt

hp@DESKTOP-IMHHNOP MINGW64 /d/CROSS_PROJECTS/MAsC/info_repo (main)
$ git checkout
Your branch is up to date with 'origin/main'.

hp@DESKTOP-IMHHNOP MINGW64 /d/CROSS_PROJECTS/MAsC/info_repo (main)
$ git checkout trail1
Switched to branch 'trail1'

hp@DESKTOP-IMHHNOP MINGW64 /d/CROSS_PROJECTS/MAsC/info_repo (trail1)
$ git pull
There is no tracking information for the current branch.
Please specify which branch you want to merge with.
See git-pull(1) for details.

    git pull <remote> <branch>

If you wish to set tracking information for this branch you can do so with:

    git branch --set-upstream-to=origin/<branch> trail1


hp@DESKTOP-IMHHNOP MINGW64 /d/CROSS_PROJECTS/MAsC/info_repo (trail1)
$ git merge
fatal: No remote for the current branch.

hp@DESKTOP-IMHHNOP MINGW64 /d/CROSS_PROJECTS/MAsC/info_repo (trail1)
$ git pull main trail1
fatal: 'main' does not appear to be a git repository
fatal: Could not read from remote repository.

Please make sure you have the correct access rights
and the repository exists.

hp@DESKTOP-IMHHNOP MINGW64 /d/CROSS_PROJECTS/MAsC/info_repo (trail1)
$ git pull main
fatal: 'main' does not appear to be a git repository
fatal: Could not read from remote repository.

Please make sure you have the correct access rights
and the repository exists.

hp@DESKTOP-IMHHNOP MINGW64 /d/CROSS_PROJECTS/MAsC/info_repo (trail1)
$ git pull
remote: Enumerating objects: 5, done.
remote: Counting objects: 100% (5/5), done.
remote: Compressing objects: 100% (2/2), done.
remote: Total 3 (delta 0), reused 3 (delta 0), pack-reused 0
Unpacking objects: 100% (3/3), 279 bytes | 23.00 KiB/s, done.
From https://github.com/LenOben/project_1
   263069e..0fcfc69  main       -> origin/main
There is no tracking information for the current branch.
Please specify which branch you want to merge with.
See git-pull(1) for details.

    git pull <remote> <branch>

If you wish to set tracking information for this branch you can do so with:

    git branch --set-upstream-to=origin/<branch> trail1


hp@DESKTOP-IMHHNOP MINGW64 /d/CROSS_PROJECTS/MAsC/info_repo (trail1)
$ git status
On branch trail1
nothing to commit, working tree clean

hp@DESKTOP-IMHHNOP MINGW64 /d/CROSS_PROJECTS/MAsC/info_repo (trail1)
$ git checkout main
Switched to branch 'main'
Your branch is behind 'origin/main' by 1 commit, and can be fast-forwarded.
  (use "git pull" to update your local branch)

hp@DESKTOP-IMHHNOP MINGW64 /d/CROSS_PROJECTS/MAsC/info_repo (main)
$ git pull
Updating 263069e..0fcfc69
Fast-forward
 trail1.txt | 3 ++-
 1 file changed, 2 insertions(+), 1 deletion(-)

hp@DESKTOP-IMHHNOP MINGW64 /d/CROSS_PROJECTS/MAsC/info_repo (main)
$ git checkout trail1
Switched to branch 'trail1'

hp@DESKTOP-IMHHNOP MINGW64 /d/CROSS_PROJECTS/MAsC/info_repo (trail1)
$ git merge
fatal: No remote for the current branch.

hp@DESKTOP-IMHHNOP MINGW64 /d/CROSS_PROJECTS/MAsC/info_repo (trail1)
$ git merge main
Updating 3696fa9..0fcfc69
Fast-forward
 README.txt | 6 +++++-
 trail1.txt | 5 ++++-
 2 files changed, 9 insertions(+), 2 deletions(-)

hp@DESKTOP-IMHHNOP MINGW64 /d/CROSS_PROJECTS/MAsC/info_repo (trail1)
$ git status
On branch trail1
Changes not staged for commit:
  (use "git add <file>..." to update what will be committed)
  (use "git restore <file>..." to discard changes in working directory)
        modified:   trail1.txt

no changes added to commit (use "git add" and/or "git commit -a")

hp@DESKTOP-IMHHNOP MINGW64 /d/CROSS_PROJECTS/MAsC/info_repo (trail1)
$ git add .

hp@DESKTOP-IMHHNOP MINGW64 /d/CROSS_PROJECTS/MAsC/info_repo (trail1)
$ git commit -m "sad"
[trail1 01e6bf4] sad
 1 file changed, 3 insertions(+), 1 deletion(-)

hp@DESKTOP-IMHHNOP MINGW64 /d/CROSS_PROJECTS/MAsC/info_repo (trail1)
$ git checkout main
Switched to branch 'main'
Your branch is up to date with 'origin/main'.

hp@DESKTOP-IMHHNOP MINGW64 /d/CROSS_PROJECTS/MAsC/info_repo (main)
$ git merge trail1
Updating 0fcfc69..01e6bf4
Fast-forward
 trail1.txt | 4 +++-
 1 file changed, 3 insertions(+), 1 deletion(-)

hp@DESKTOP-IMHHNOP MINGW64 /d/CROSS_PROJECTS/MAsC/info_repo (main)
$ git push
Enumerating objects: 5, done.
Counting objects: 100% (5/5), done.
Delta compression using up to 4 threads
Compressing objects: 100% (3/3), done.
Writing objects: 100% (3/3), 328 bytes | 109.00 KiB/s, done.
Total 3 (delta 0), reused 0 (delta 0), pack-reused 0
To https://github.com/LenOben/project_1.git
   0fcfc69..01e6bf4  main -> main

hp@DESKTOP-IMHHNOP MINGW64 /d/CROSS_PROJECTS/MAsC/info_repo (main)